Analyzing usahaku_main...                                       

warning - The library 'package:usahaku_main/models/kategori.dart' doesn't export a member with the hidden name 'Barang' - lib\pages\barang\barang_page.dart:4:42 - undefined_hidden_name
   info - 'withOpacity' is deprecated and shouldn't be used. Use .withValues() to avoid precision loss - lib\pages\barang\barang_page.dart:221:47 - deprecated_member_use
   info - 'withOpacity' is deprecated and shouldn't be used. Use .withValues() to avoid precision loss - lib\pages\barang\barang_page.dart:221:79 - deprecated_member_use
warning - The library 'package:usahaku_main/models/kategori.dart' doesn't export a member with the hidden name 'Barang' - lib\pages\barang\form_barang_page.dart:4:42 - undefined_hidden_name
   info - 'withOpacity' is deprecated and shouldn't be used. Use .withValues() to avoid precision loss - lib\pages\barang\form_barang_page.dart:123:49 - deprecated_member_use
   info - 'value' is deprecated and shouldn't be used. Use initialValue instead. This will set the initial value for the form field. This feature was deprecated after v3.33.0-1.0.pre - lib\pages\barang\form_barang_page.dart:163:29 - deprecated_member_use
  error - Expected to find ')' - lib\pages\barang\form_barang_page.dart:203:25 - expected_token
  error - Expected an identifier - lib\pages\barang\form_barang_page.dart:224:19 - missing_identifier
  error - Expected to find ')' - lib\pages\barang\form_barang_page.dart:224:19 - expected_token
  error - Expected to find ';' - lib\pages\barang\form_barang_page.dart:226:15 - expected_token
warning - Dead code - lib\pages\barang\form_barang_page.dart:226:16 - dead_code
  error - Expected an identifier - lib\pages\barang\form_barang_page.dart:226:16 - missing_identifier
  error - Expected to find ';' - lib\pages\barang\form_barang_page.dart:226:16 - expected_token
  error - Unexpected text ';' - lib\pages\barang\form_barang_page.dart:226:16 - unexpected_token
  error - Expected an identifier - lib\pages\barang\form_barang_page.dart:227:13 - missing_identifier
  error - Expected to find ';' - lib\pages\barang\form_barang_page.dart:227:13 - expected_token
  error - Unexpected text ';' - lib\pages\barang\form_barang_page.dart:227:13 - unexpected_token
  error - Expected an identifier - lib\pages\barang\form_barang_page.dart:227:14 - missing_identifier
  error - Expected to find ';' - lib\pages\barang\form_barang_page.dart:227:14 - expected_token
  error - Unexpected text ';' - lib\pages\barang\form_barang_page.dart:227:14 - unexpected_token
  error - Expected an identifier - lib\pages\barang\form_barang_page.dart:228:5 - missing_identifier
  error - Unexpected text ';' - lib\pages\barang\form_barang_page.dart:228:5 - unexpected_token
   info - Unnecessary empty statement - lib\pages\barang\form_barang_page.dart:228:6 - empty_statements
warning - The value of the field '_formKey' isn't used - lib\pages\barang\kategori_page.dart:13:9 - unused_field
   info - Constructors in '@immutable' classes should be declared as 'const' - lib\pages\dashboard\dashboard_page.dart:6:3 - prefer_const_constructors_in_immutables
   info - Parameter 'key' could be a super parameter - lib\pages\dashboard\dashboard_page.dart:6:3 - use_super_parameters
   info - Use interpolation to compose strings and values - lib\pages\dashboard\dashboard_page.dart:18:12 - prefer_interpolation_to_compose_strings
   info - 'withOpacity' is deprecated and shouldn't be used. Use .withValues() to avoid precision loss - lib\pages\dashboard\dashboard_page.dart:143:35 - deprecated_member_use
   info - 'withOpacity' is deprecated and shouldn't be used. Use .withValues() to avoid precision loss - lib\pages\dashboard\dashboard_page.dart:145:54 - deprecated_member_use
   info - 'withOpacity' is deprecated and shouldn't be used. Use .withValues() to avoid precision loss - lib\pages\dashboard\dashboard_page.dart:147:47 - deprecated_member_use
   info - 'withOpacity' is deprecated and shouldn't be used. Use .withValues() to avoid precision loss - lib\pages\dashboard\dashboard_page.dart:185:33 - deprecated_member_use
   info - 'withOpacity' is deprecated and shouldn't be used. Use .withValues() to avoid precision loss - lib\pages\dashboard\dashboard_page.dart:227:28 - deprecated_member_use
   info - Parameter 'key' could be a super parameter - lib\pages\transaksi\printer_page.dart:5:9 - use_super_parameters
   info - Don't use 'BuildContext's across async gaps - lib\pages\transaksi\printer_page.dart:118:30 - use_build_context_synchronously
   info - Don't use 'BuildContext's across async gaps - lib\pages\transaksi\printer_page.dart:120:30 - use_build_context_synchronously
warning - The library 'package:usahaku_main/models/kategori.dart' doesn't export a member with the hidden name 'Barang' - lib\services\product_service.dart:4:39 - undefined_hidden_name

